---
source: crates/emux-term/tests/golden_tests.rs
expression: result
---
jwilm@kurast.local [bold,fg:2]➜[bold,fg:2] [bold,fg:2] [bold,fg:6]~[bold,fg:6]/[bold,fg:6]c[bold,fg:6]o[bold,fg:6]d[bold,fg:6]e[bold,fg:6]/[bold,fg:6]a[bold,fg:6]l[bold,fg:6]a[bold,fg:6]c[bold,fg:6]r[bold,fg:6]i[bold,fg:6]t[bold,fg:6]t[bold,fg:6]y[bold,fg:6]  [fg:5]c[fg:5]a[fg:5]t c
Cargo.lock  Cargo.toml  [bold,fg:2]c[bold,fg:2]o[bold,fg:2]l[bold,fg:2]o[bold,fg:2]r[bold,fg:2]s[bold,fg:2].[bold,fg:2]p[bold,fg:2]l*  [bold,fg:1]c[bold,fg:1]o[bold,fg:1]p[bold,fg:1]y[bold,fg:1]p[bold,fg:1]a[bold,fg:1]s[bold,fg:1]t[bold,fg:1]a/
