---
source: crates/emux-term/tests/golden_tests.rs
expression: result
---
[bold,reverse]%

[fg:0,bg:9] [fg:0,bg:9]U[fg:0,bg:9]L[fg:0,bg:9] [fg:7,bg:8] [fg:7,bg:8]~[fg:7,bg:8]/[fg:7,bg:8]…[fg:7,bg:8]/[fg:7,bg:8]t[fg:7,bg:8]e[fg:7,bg:8]s[fg:7,bg:8]t[fg:7,bg:8]s[fg:7,bg:8]/[fg:7,bg:8]r[fg:7,bg:8]e[fg:7,bg:8]f[fg:7,bg:8]/[fg:7,bg:8]g[fg:7,bg:8]r[fg:7,bg:8]i[fg:7,bg:8]d[fg:7,bg:8]_[fg:7,bg:8]r[fg:7,bg:8]e[fg:7,bg:8]s[fg:7,bg:8]e[fg:7,bg:8]t[fg:7,bg:8] [fg:0,bg:9] [fg:0,bg:9]d[fg:0,bg:9]y[fg:0,bg:9]n[fg:0,bg:9]a[fg:0,bg:9]m[fg:0,bg:9]i[fg:0,bg:9]c[fg:0,bg:9]-[fg:0,bg:9]a[fg:0,bg:9]l[fg:0,bg:9]l[fg:0,bg:9]o[fg:0,bg:9]c[fg:0,bg:9]
