---
source: crates/emux-term/tests/golden_tests.rs
expression: result
---
jwilm@kurast.local [bold,fg:2]➜[bold,fg:2] [bold,fg:2] [bold,fg:6]~[bold,fg:6]/[bold,fg:6]c[bold,fg:6]o[bold,fg:6]d[bold,fg:6]e[bold,fg:6]/[bold,fg:6]a[bold,fg:6]l[bold,fg:6]a[bold,fg:6]c[bold,fg:6]r[bold,fg:6]i[bold,fg:6]t[bold,fg:6]t[bold,fg:6]y[bold,fg:6]  [fg:5]l[fg:5]l
total 16440
drwxr-xr-x   3 jwilm  staff   102B Nov  2 10:54 [bold,fg:6]A[bold,fg:6]l[bold,fg:6]a[bold,fg:6]c[bold,fg:6]r[bold,fg:6]i[bold,fg:6]t[bold,fg:6]t[bold,fg:6]y[bold,fg:6].[bold,fg:6]a[bold,fg:6]p[bold,fg:6]p
-rw-r--r--   1 jwilm  staff    53K Nov 19 14:27 Cargo.lock
-rw-r--r--   1 jwilm  staff   746B Nov 19 14:24 Cargo.toml
-rw-r--r--   1 jwilm  staff    11K Jun 30 10:44 LICENSE-APACHE
-rw-r--r--   1 jwilm  staff   1.6K Nov  2 10:52 Makefile
-rw-r--r--   1 jwilm  staff    49B Jun  9 18:56 TASKS.md
-rwxr-xr-x   1 jwilm  staff   1.7M Sep 26 10:49 [fg:1]a[fg:1]l[fg:1]a[fg:1]c[fg:1]r[fg:1]i[fg:1]t[fg:1]t[fg:1]y[fg:1]-[fg:1]p[fg:1]r[fg:1]e[fg:1]-[fg:1]e[fg:1]l[fg:1]o[fg:1]o[fg:1]p
-rw-r--r--   1 jwilm  staff   255B Nov 19 14:31 alacritty.recording
-rw-r--r--   1 jwilm  staff   6.5K Nov 17 17:18 alacritty.yml
-rw-r--r--   1 jwilm  staff   1.1K Jun 30 10:44 build.rs
drwxr-xr-x   6 jwilm  staff   204B Oct 10 10:46 [bold,fg:6]c[bold,fg:6]o[bold,fg:6]p[bold,fg:6]y[bold,fg:6]p[bold,fg:6]a[bold,fg:6]s[bold,fg:6]t[bold,fg:6]a
drwxr-xr-x   3 jwilm  staff   102B Jun  9 18:56 [bold,fg:6]d[bold,fg:6]o[bold,fg:6]c[bold,fg:6]s
-rwxr-xr-x   1 jwilm  staff   2.2M Nov 11 17:53 [fg:1]e[fg:1]x[fg:1]i[fg:1]t[fg:1]t[fg:1]e[fg:1]r
drwxr-xr-x   5 jwilm  staff   170B Jun 28 14:50 [bold,fg:6]f[bold,fg:6]o[bold,fg:6]n[bold,fg:6]t
-rwxr-xr-x   1 jwilm  staff   2.2M Nov 14 13:27 [fg:1]h[fg:1]a[fg:1]r[fg:1]d[fg:1]c[fg:1]o[fg:1]d[fg:1]e[fg:1]d[fg:1]_[fg:1]b[fg:1]i[fg:1]n[fg:1]d[fg:1]i[fg:1]n[fg:1]g[fg:1]s[fg:1]_[fg:1]a[fg:1]l[fg:1]a[fg:1]c[fg:1]r[fg:1]i[fg:1]t[fg:1]t[fg:1]y
drwxr-xr-x   6 jwilm  staff   204B Nov  2 10:54 [bold,fg:6]m[bold,fg:6]a[bold,fg:6]c[bold,fg:6]o[bold,fg:6]s
drwxr-xr-x   4 jwilm  staff   136B Oct 27 17:59 [bold,fg:6]r[bold,fg:6]e[bold,fg:6]s
-rw-r--r--   1 jwilm  staff    19B Nov 11 16:55 rustc-version
drwxr-xr-x   5 jwilm  staff   170B Oct 10 10:46 [bold,fg:6]s[bold,fg:6]c[bold,fg:6]r[bold,fg:6]i[bold,fg:6]p[bold,fg:6]t[bold,fg:6]s
drwxr-xr-x  17 jwilm  staff   578B Nov 19 14:30 [bold,fg:6]s[bold,fg:6]r[bold,fg:6]c
drwxr-xr-x   5 jwilm  staff   170B Jun 28 15:49 [bold,fg:6]t[bold,fg:6]a[bold,fg:6]r[bold,fg:6]g[bold,fg:6]e[bold,fg:6]t
-rw-r--r--   1 jwilm  staff   8.1K Nov 17 11:13 thing.log
-rw-r--r--   1 jwilm  staff   3.5K Sep  1 11:27 tmux-client-23038.log
-rwxr-xr-x   1 jwilm  staff   1.8M Sep 22 12:03 [fg:1]w[fg:1]i[fg:1]t[fg:1]h[fg:1]_[fg:1]p[fg:1]a[fg:1]r[fg:1]a[fg:1]l[fg:1]l[fg:1]e[fg:1]l
jwilm@kurast.local [bold,fg:2]➜[bold,fg:2] [bold,fg:2] [bold,fg:6]~[bold,fg:6]/[bold,fg:6]c[bold,fg:6]o[bold,fg:6]d[bold,fg:6]e[bold,fg:6]/[bold,fg:6]a[bold,fg:6]l[bold,fg:6]a[bold,fg:6]c[bold,fg:6]r[bold,fg:6]i[bold,fg:6]t[bold,fg:6]t[bold,fg:6]y[bold,fg:6]
