---
source: crates/emux-term/tests/golden_tests.rs
expression: result
---
[underline][[underline]u[underline]n[underline]d[underline]e[underline]a[underline]d[underline]l[underline]e[underline]e[underline]c[underline]h[underline]@[underline]u[underline]n[underline]d[underline]e[underline]a[underline]d[underline]l[underline]a[underline]p[underline] [underline]a[underline]l[underline]a[underline]c[underline]r[underline]i[underline]t[underline]t[underline]y[underline]][underline]$[underline] [underline]e[underline]x[underline]i[underline]t
[underline]e[underline]x[underline]i[underline]t
