---
source: crates/emux-term/tests/golden_tests.rs
expression: result
---
Welcome to fish, the friendly interactive shell
Type [fg:2]h[fg:2]e[fg:2]l[fg:2]p for instructions on how to use fish
[bold,fg:7,bg:2][[bold,fg:7,bg:2]I[bold,fg:7,bg:2]] [bold,fg:2]➜[bold,fg:2] [bold,fg:2] [bold,fg:6]a[bold,fg:6]l[bold,fg:6]a[bold,fg:6]c[bold,fg:6]r[bold,fg:6]i[bold,fg:6]t[bold,fg:6]t[bold,fg:6]y[bold,fg:4] [bold,fg:4]g[bold,fg:4]i[bold,fg:4]t[bold,fg:4]:[bold,fg:4]([bold,fg:1]m[bold,fg:1]a[bold,fg:1]s[bold,fg:1]t[bold,fg:1]e[bold,fg:1]r[bold,fg:4])[bold,fg:3] [bold,fg:3]✗ [bold,fg:1]a[reverse]^[reverse]C
[bold,fg:7,bg:2][[bold,fg:7,bg:2]I[bold,fg:7,bg:2]] [bold,fg:2]➜[bold,fg:2] [bold,fg:2] [bold,fg:6]a[bold,fg:6]l[bold,fg:6]a[bold,fg:6]c[bold,fg:6]r[bold,fg:6]i[bold,fg:6]t[bold,fg:6]t[bold,fg:6]y[bold,fg:4] [bold,fg:4]g[bold,fg:4]i[bold,fg:4]t[bold,fg:4]:[bold,fg:4]([bold,fg:1]m[bold,fg:1]a[bold,fg:1]s[bold,fg:1]t[bold,fg:1]e[bold,fg:1]r[bold,fg:4])[bold,fg:3] [bold,fg:3]✗ [bold,fg:1]a[bold,fg:1]a[bold,fg:1]a[bold,fg:1]a[bold,fg:1]a[bold,fg:1]a[bold,fg:1]a[bold,fg:1]a[bold,fg:1]a[bold,fg:1]a[bold,fg:1]a[bold,fg:1]a[bold,fg:1]a[bold,fg:1]a[bold,fg:1]a[bold,fg:1]a[bold,fg:1]a[bold,fg:1]a[bold,fg:1]a[bold,fg:1]a[bold,fg:1]a[bold,fg:1]a[bold,fg:1]a[bold,fg:1]a[bold,fg:1]a[bold,fg:1]a[bold,fg:1]a[bold,fg:1]a[bold,fg:1]a[bold,fg:1]a[bold,fg:1]a[bold,fg:1]a[bold,fg:1]a[bold,fg:1]a[bold,fg:1]a[bold,fg:1]a[bold,fg:1]a[bold,fg:1]a[bold,fg:1]a[bold,fg:1]a[bold,fg:1]a[bold,fg:1]a[reverse]^[reverse]C
[bold,fg:7,bg:2][[bold,fg:7,bg:2]I[bold,fg:7,bg:2]] [bold,fg:2]➜[bold,fg:2] [bold,fg:2] [bold,fg:6]a[bold,fg:6]l[bold,fg:6]a[bold,fg:6]c[bold,fg:6]r[bold,fg:6]i[bold,fg:6]t[bold,fg:6]t[bold,fg:6]y[bold,fg:4] [bold,fg:4]g[bold,fg:4]i[bold,fg:4]t[bold,fg:4]:[bold,fg:4]([bold,fg:1]m[bold,fg:1]a[bold,fg:1]s[bold,fg:1]t[bold,fg:1]e[bold,fg:1]r[bold,fg:4])[bold,fg:3] [bold,fg:3]✗ [bold,fg:1]a[bold,fg:1]a[bold,fg:1]a[bold,fg:1]a[bold,fg:1]a[bold,fg:1]a[bold,fg:1]a[bold,fg:1]a[bold,fg:1]a[bold,fg:1]a[bold,fg:1]a[bold,fg:1]a[bold,fg:1]a[bold,fg:1]a[bold,fg:1]a[bold,fg:1]a[bold,fg:1]a[bold,fg:1]a[bold,fg:1]a[bold,fg:1]a[bold,fg:1]a[bold,fg:1]a[bold,fg:1]a[bold,fg:1]a[bold,fg:1]a[bold,fg:1]a[bold,fg:1]a[reverse]^[reverse]C
[bold,fg:7,bg:2][[bold,fg:7,bg:2]I[bold,fg:7,bg:2]] [bold,fg:2]➜[bold,fg:2] [bold,fg:2] [bold,fg:6]a[bold,fg:6]l[bold,fg:6]a[bold,fg:6]c[bold,fg:6]r[bold,fg:6]i[bold,fg:6]t[bold,fg:6]t[bold,fg:6]y[bold,fg:4] [bold,fg:4]g[bold,fg:4]i[bold,fg:4]t[bold,fg:4]:[bold,fg:4]([bold,fg:1]m[bold,fg:1]a[bold,fg:1]s[bold,fg:1]t[bold,fg:1]e[bold,fg:1]r[bold,fg:4])[bold,fg:3] [bold,fg:3]✗
